Das ist ein neuer Inhalt.